node.exe : Vercel CLI 50.13.1
At C:\Users\patri\AppData\Roaming\npm\vercel.ps1:24 char:5
+     & "node$exe"  "$basedir/node_modules/vercel/dist/vc.js" $args
+     ~~~~~~~~~~~~~~~~~~~~~~~~~~~~~~~~~~~~~~~~~~~~~~~~~~~~~~~~~~~~~
    + CategoryInfo          : NotSpecified: (Vercel CLI 50.13.1:String) [], RemoteException
    + FullyQualifiedErrorId : NativeCommandError
 
Retrieving project…
Deploying patricia-dewintas-projects/magang-transjakarta
Inspect: https://vercel.com/patricia-dewintas-projects/magang-transjakarta/HxtZQNTUG9qxezC3sTCebyJ4RMDL [1s]
Production: https://magang-transjakarta-6wbqhy7ra-patricia-dewintas-projects.vercel.app [1s]
Building...
Building...
Building: Running build in Washington, D.C., USA (East) – iad1
Building: Build machine configuration: 2 cores, 8 GB
Building: Retrieving list of deployment files...
Building: Previous build caches not available.
Building: Downloading 136 deployment files...
Building: Running "vercel build"
Building: Vercel CLI 59.23.2
Building: Installing dependencies...
Building: npm warn deprecated whatwg-encoding@3.1.1: Use @exodus/bytes instead for a more spec-conformant and 
faster implementation
Building: added 547 packages in 25s
Building: 183 packages are looking for funding
Building: run `npm fund` for details
Building: npm warn allow-scripts 4 packages have install scripts not yet covered by allowScripts:
Building: npm warn allow-scripts   @prisma/client@6.19.3 (postinstall: node scripts/postinstall.js)
Building: npm warn allow-scripts   @prisma/engines@6.19.3 (postinstall: node scripts/postinstall.js)
Building: npm warn allow-scripts   prisma@6.19.3 (preinstall: node scripts/preinstall-entry.js)
Building: npm warn allow-scripts   unrs-resolver@1.12.2 (postinstall: node postinstall.js)
Building: npm warn allow-scripts
Building: npm warn allow-scripts Run `npm approve-scripts --allow-scripts-pending` to review, or `npm 
approve-scripts <pkg>` to allow.
Building: Detected Next.js version: 16.3.0
Building: Running "npm run build"
Building: > pepet-app@0.1.0 build
Building: > next build --webpack
Building: ▲ Next.js 16.3.0 (webpack)
Building: - Environments: .env
Building: Applying modifyConfig from Vercel
Building: ✓ Running next.config.ts took 295ms
Building: Attention: Next.js now collects completely anonymous telemetry regarding usage.
Building: This information is used to shape Next.js' roadmap and prioritize features.
Building: You can learn more, including how to opt-out if you'd not like to participate in this anonymous 
program, by visiting the following URL:
Building: https://nextjs.org/telemetry
Building: Creating an optimized production build ...
Building: ✓ Compiled successfully in 23.9s
Building: Running TypeScript ...
Building: Finished TypeScript in 6.8s ...
Building: Collecting page data using 1 worker ...
Building: Error: Failed to collect configuration for /api/od/add-intern
Building: at ignore-listed frames {
Building: [cause]: TypeError: Cannot convert argument to a ByteString because the character at index 7 has a 
value of 65279 which is greater than 255.
Building: at new aq (.next/server/chunks/857.js:5:33382)
Building: at 30104 (.next/server/app/api/od/add-intern/route.js:78:5215)
Building: at g (.next/server/webpack-runtime.js:1:151)
Building: at rG.userland [as load] (.next/server/app/api/od/add-intern/route.js:86:2220)
Building: }
Building: > Build error occurred
Building: Error: Failed to collect page data for /api/od/add-intern
Building: at ignore-listed frames {
Building: type: 'Error'
Building: }
Building: Error: Command "npm run build" exited with 1
Error: Command "npm run build" exited with 1
https://magang-transjakarta-6wbqhy7ra-patricia-dewintas-projects.vercel.app
